// Jest Snapshot v1, https://goo.gl/fbAQLP

exports[`Properly Rendered TabButton Component 1`] = `
<button
  className="tab__nav "
  onClick={undefined}
  type="button"
/>
`;
